A51 MACRO ASSEMBLER  DEVELOP                                                              11/07/2024 16:18:14 PAGE     1


MACRO ASSEMBLER A51 V8.2.7.0
OBJECT MODULE PLACED IN .\Objects\DEVELOP.obj
ASSEMBLER INVOKED BY: C:\Keil_v5\C51\BIN\A51.EXE DEVELOP.A SET(SMALL) DEBUG PRINT(.\Listings\DEVELOP.lst) OBJECT(.\Objec
                      ts\DEVELOP.obj) EP

LOC  OBJ            LINE     SOURCE

                       1     ;
                       2     ; Store numbers 1 to 4 in an array named entered
                       3     ;
                       4     
0000 00000000          5     entered:   db 0, 0, 0, 0      ; Array to store numbers 1 to 4
                       6     
0000                   7     org 00h
0000                   8     main:
0000 900000            9         mov dptr, #entered        ; Initialize DPTR with the address of entered array
0003 7401             10         mov a, #1                 ; Load the number 1 into the accumulator
0005 F0               11         movx @dptr, a             ; Store the number 1 in the first element of entered
0006 A3               12         inc dptr                  ; Increment DPTR to point to the next element
                      13     
0007 7402             14         mov a, #2                 ; Load the number 2 into the accumulator
0009 F0               15         movx @dptr, a             ; Store the number 2 in the second element of entered
000A A3               16         inc dptr                  ; Increment DPTR to point to the next element
                      17     
000B 7403             18         mov a, #3                 ; Load the number 3 into the accumulator
000D F0               19         movx @dptr, a             ; Store the number 3 in the third element of entered
000E A3               20         inc dptr                  ; Increment DPTR to point to the next element
                      21     
000F 7404             22         mov a, #4                 ; Load the number 4 into the accumulator
0011 F0               23         movx @dptr, a             ; Store the number 4 in the fourth element of entered
                      24     
0012 80FE             25         sjmp $                    ; Infinite loop to keep the program running
                      26     
                      27     end
A51 MACRO ASSEMBLER  DEVELOP                                                              11/07/2024 16:18:14 PAGE     2

SYMBOL TABLE LISTING
------ ----- -------


N A M E             T Y P E  V A L U E   ATTRIBUTES

ENTERED. . . . . .  C ADDR   0000H   A   
MAIN . . . . . . .  C ADDR   0000H   A   


REGISTER BANK(S) USED: 0 


ASSEMBLY COMPLETE.  0 WARNING(S), 0 ERROR(S)
